AI Everywhere - Intel Corporation at Computex 2024 The tech showcase I am most looking forward to: AI PCs from Intel for productivity, entertainment, and professional applications.Next-gen AI applications Such as AI-driven autonomous navigation, smarter EV charging solutions, and advanced AI in ultrasound imaging for improved medical diagnostics.Intel Xeon 6 processors, helping data centers achieve higher throughput for workloads where power, space, and cooling are limited.Intel Gaudi AI Accelerators, pushing the boundaries with the latest GenAI model development from Intel Labs.Last but not least, the opening keynote was given by Intel CEO Pat Gelsinger!